[
  {
    "DiffType": "PipDiffer",
    "Diff": {
      "Image1": "gcr.io/gcp-runtimes/pip-base",
      "Packages1": {},
      "Image2": "gcr.io/gcp-runtimes/pip-modified",
      "Packages2": {
        "mock": {
          "/usr/local/lib/python3.6/site-packages": {
            "Version": "2.0.0",
            "Size": "504226"
          }
        },
        "pbr": {
          "/usr/local/lib/python3.6/site-packages": {
            "Version": "3.1.1",
            "Size": "447110"
          }
        },
        "six": {
          "/usr/local/lib/python3.6/site-packages": {
            "Version": "1.10.0",
            "Size": "30098"
          }
        }
      },
      "InfoDiff": [
        {
          "Package": "pip",
          "Info1": [
            {
              "Version": "9.0.1",
              "Size": "3741310"
            }
          ],
          "Info2": [
            {
              "Version": "9.0.1",
              "Size": "5289421"
            }
          ]
        },
        {
          "Package": "wheel",
          "Info1": [
            {
              "Version": "0.29.0",
              "Size": "103348"
            }
          ],
          "Info2": [
            {
              "Version": "0.29.0",
              "Size": "103509"
            }
          ]
        }
      ]
    }
  }
]
